#-----------------------------------------------------------
# xsim v2025.1 (64-bit)
# SW Build 6140274 on Wed May 21 22:58:25 MDT 2025
# IP Build 6138677 on Thu May 22 03:10:11 MDT 2025
# SharedData Build 6139179 on Tue May 20 17:58:58 MDT 2025
# Start of session at: Sat Apr  4 12:22:45 2026
# Process ID         : 149929
# Current directory  : /home/ale/Documents/ozone-processor
# Command line       : xsim -mode tcl -source {xsim.dir/l1d_sim/xsim_script.tcl}
# Log file           : /home/ale/Documents/ozone-processor/xsim.log
# Journal file       : /home/ale/Documents/ozone-processor/xsim.jou
# Running On         : vivado
# Platform           : Ubuntu
# Operating System   : Ubuntu 24.04.2 LTS
# Processor Detail   : Intel(R) Core(TM) i7-7700 CPU @ 3.60GHz
# CPU Frequency      : 4017.040 MHz
# CPU Physical cores : 4
# CPU Logical cores  : 8
# Host memory        : 16646 MB
# Swap memory        : 4294 MB
# Total Virtual      : 20941 MB
# Available Virtual  : 11209 MB
#-----------------------------------------------------------
source xsim.dir/l1d_sim/xsim_script.tcl
run -all
